I'm sorry, but errors were detected in your script. Please correct the
errors listed below, and try again.


File "game/script.rpy", line 87: expected 'comma or end of line' not found.
    at sprite_highlight('brym')
    ^

File "game/script.rpy", line 90: expected 'comma or end of line' not found.
    at sprite_highlight('brym')
    ^

File "game/script.rpy", line 93: expected 'comma or end of line' not found.
    at sprite_highlight('brym')
    ^

File "game/script.rpy", line 96: expected 'comma or end of line' not found.
    at sprite_highlight('brym')
    ^

File "game/script.rpy", line 99: expected 'comma or end of line' not found.
    at sprite_highlight('brym')
    ^

File "game/script.rpy", line 102: expected 'comma or end of line' not found.
    at sprite_highlight('brym')
    ^

File "game/script.rpy", line 105: expected 'comma or end of line' not found.
    at sprite_highlight('brym')
    ^

Ren'Py Version: Ren'Py 7.4.8.1895
Thu Nov  4 16:03:13 2021
